../Core/Src/main.c:73:5:main	128	static
../Core/Src/main.c:159:6:SystemClock_Config	88	static
../Core/Src/main.c:201:13:MX_GPIO_Init	32	static
../Core/Src/main.c:235:6:StartDefaultTask	16	static
../Core/Src/main.c:253:6:red_led	16	static
../Core/Src/main.c:283:6:green_led	16	static
../Core/Src/main.c:313:6:yellow_led	16	static
../Core/Src/main.c:328:6:accessSharedData	8	static
../Core/Src/main.c:358:6:HAL_TIM_PeriodElapsedCallback	16	static
../Core/Src/main.c:375:6:Error_Handler	4	static,ignoring_inline_asm
